~ ~ ~∩~ ~∩~ ~ 
~ +S+∪+∩+∪+∩~ 
~ ~x~ ~∪~ ~∪~ 

~ ~ ~ ~ ~∩~ ~ 
~ +E+x+∩+∪+∩~ 
~ ~ ~ ~∪~ ~∪~ 

~ ~ ~ ~ ~ ~∩~ 
~ + +E+x+∩+∪~ 
~ ~ ~ ~ ~∪~ ~ 

~ ~ ~ ~ ~ ~ ~ 
~ + + +E+x+∩~ 
~ ~ ~ ~ ~ ~∪~ 

