~ ~ ~ ~ ~ ~ 
~ + # # +∩~ 
~ + # # +∪~ 
~ + + + +E~x
~ ~ ~ ~ ~ ~ 

~ ~ ~ ~ ~ ~ 
~ + # #∩+ ~ 
~ + # #∪+x~ 
~ + + + +N~ 
~ ~ ~ ~ ~ ~ 

Opgelost!

